// Vitest Snapshot v1, https://vitest.dev/guide/snapshot.html

exports[`MyAwesomeApp > should match snapshot 1`] = `
<div>
  <h1
    data-testid="first-name-tittle"
  >
    Arthur
  </h1>
  <h3>
    Ainsworth
  </h3>
  <p
    class="mi-clase-favorita"
  >
    Metal Gear, Death Stranding, Elden Ring
  </p>
  <p>
    4
  </p>
  <h1>
    Activo
  </h1>
  <p
    style="background-color: rgb(250, 250, 250); border-radius: 10px; padding: 10px; margin-top: 20px;"
  >
    {"zipCode":"ABC-123","country":"Canad√°"}
  </p>
</div>
`;
